Archive member included because of file (symbol)

c:/winavr-20081205/bin/../lib/gcc/avr/4.3.2/avr4\libgcc.a(_divmodhi4.o)
                              7_segment.o (__divmodhi4)
c:/winavr-20081205/bin/../lib/gcc/avr/4.3.2/avr4\libgcc.a(_exit.o)
                              c:/winavr-20081205/bin/../lib/gcc/avr/4.3.2/../../../../avr/lib/avr4/crtm8.o (exit)
c:/winavr-20081205/bin/../lib/gcc/avr/4.3.2/avr4\libgcc.a(_copy_data.o)
                              7_segment.o (__do_copy_data)
c:/winavr-20081205/bin/../lib/gcc/avr/4.3.2/avr4\libgcc.a(_clear_bss.o)
                              7_segment.o (__do_clear_bss)
c:/winavr-20081205/bin/../lib/gcc/avr/4.3.2/avr4\libgcc.a(_udivmodhi4.o)
                              c:/winavr-20081205/bin/../lib/gcc/avr/4.3.2/avr4\libgcc.a(_divmodhi4.o) (__udivmodhi4)

Memory Configuration

Name             Origin             Length             Attributes
text             0x00000000         0x00002000         xr
data             0x00800060         0x0000ffa0         rw !x
eeprom           0x00810000         0x00010000         rw !x
fuse             0x00820000         0x00000400         rw !x
lock             0x00830000         0x00000400         rw !x
signature        0x00840000         0x00000400         rw !x
*default*        0x00000000         0xffffffff

Linker script and memory map

LOAD c:/winavr-20081205/bin/../lib/gcc/avr/4.3.2/../../../../avr/lib/avr4/crtm8.o
LOAD 7_segment.o
LOAD c:/winavr-20081205/bin/../lib/gcc/avr/4.3.2/avr4\libgcc.a
LOAD c:/winavr-20081205/bin/../lib/gcc/avr/4.3.2/../../../../avr/lib/avr4\libc.a
LOAD c:/winavr-20081205/bin/../lib/gcc/avr/4.3.2/avr4\libgcc.a

.hash
 *(.hash)

.dynsym
 *(.dynsym)

.dynstr
 *(.dynstr)

.gnu.version
 *(.gnu.version)

.gnu.version_d
 *(.gnu.version_d)

.gnu.version_r
 *(.gnu.version_r)

.rel.init
 *(.rel.init)

.rela.init
 *(.rela.init)

.rel.text
 *(.rel.text)
 *(.rel.text.*)
 *(.rel.gnu.linkonce.t*)

.rela.text
 *(.rela.text)
 *(.rela.text.*)
 *(.rela.gnu.linkonce.t*)

.rel.fini
 *(.rel.fini)

.rela.fini
 *(.rela.fini)

.rel.rodata
 *(.rel.rodata)
 *(.rel.rodata.*)
 *(.rel.gnu.linkonce.r*)

.rela.rodata
 *(.rela.rodata)
 *(.rela.rodata.*)
 *(.rela.gnu.linkonce.r*)

.rel.data
 *(.rel.data)
 *(.rel.data.*)
 *(.rel.gnu.linkonce.d*)

.rela.data
 *(.rela.data)
 *(.rela.data.*)
 *(.rela.gnu.linkonce.d*)

.rel.ctors
 *(.rel.ctors)

.rela.ctors
 *(.rela.ctors)

.rel.dtors
 *(.rel.dtors)

.rela.dtors
 *(.rela.dtors)

.rel.got
 *(.rel.got)

.rela.got
 *(.rela.got)

.rel.bss
 *(.rel.bss)

.rela.bss
 *(.rela.bss)

.rel.plt
 *(.rel.plt)

.rela.plt
 *(.rela.plt)

.text           0x00000000      0x27e
 *(.vectors)
 .vectors       0x00000000       0x26 c:/winavr-20081205/bin/../lib/gcc/avr/4.3.2/../../../../avr/lib/avr4/crtm8.o
                0x00000000                __vectors
                0x00000000                __vector_default
 *(.vectors)
 *(.progmem.gcc*)
 .progmem.gcc_sw_table
                0x00000026       0x14 7_segment.o
 *(.progmem*)
                0x0000003a                . = ALIGN (0x2)
                0x0000003a                __trampolines_start = .
 *(.trampolines)
 .trampolines   0x0000003a        0x0 linker stubs
 *(.trampolines*)
                0x0000003a                __trampolines_end = .
 *(.jumptables)
 *(.jumptables*)
 *(.lowtext)
 *(.lowtext*)
                0x0000003a                __ctors_start = .
 *(.ctors)
                0x0000003a                __ctors_end = .
                0x0000003a                __dtors_start = .
 *(.dtors)
                0x0000003a                __dtors_end = .
 SORT(*)(.ctors)
 SORT(*)(.dtors)
 *(.init0)
 .init0         0x0000003a        0x0 c:/winavr-20081205/bin/../lib/gcc/avr/4.3.2/../../../../avr/lib/avr4/crtm8.o
                0x0000003a                __init
 *(.init0)
 *(.init1)
 *(.init1)
 *(.init2)
 .init2         0x0000003a        0xc c:/winavr-20081205/bin/../lib/gcc/avr/4.3.2/../../../../avr/lib/avr4/crtm8.o
 *(.init2)
 *(.init3)
 *(.init3)
 *(.init4)
 .init4         0x00000046       0x16 c:/winavr-20081205/bin/../lib/gcc/avr/4.3.2/avr4\libgcc.a(_copy_data.o)
                0x00000046                __do_copy_data
 .init4         0x0000005c       0x10 c:/winavr-20081205/bin/../lib/gcc/avr/4.3.2/avr4\libgcc.a(_clear_bss.o)
                0x0000005c                __do_clear_bss
 *(.init4)
 *(.init5)
 *(.init5)
 *(.init6)
 *(.init6)
 *(.init7)
 *(.init7)
 *(.init8)
 *(.init8)
 *(.init9)
 .init9         0x0000006c        0x4 c:/winavr-20081205/bin/../lib/gcc/avr/4.3.2/../../../../avr/lib/avr4/crtm8.o
 *(.init9)
 *(.text)
 .text          0x00000070        0x2 c:/winavr-20081205/bin/../lib/gcc/avr/4.3.2/../../../../avr/lib/avr4/crtm8.o
                0x00000070                __vector_1
                0x00000070                __vector_12
                0x00000070                __bad_interrupt
                0x00000070                __vector_6
                0x00000070                __vector_3
                0x00000070                __vector_11
                0x00000070                __vector_13
                0x00000070                __vector_17
                0x00000070                __vector_7
                0x00000070                __vector_5
                0x00000070                __vector_4
                0x00000070                __vector_9
                0x00000070                __vector_2
                0x00000070                __vector_15
                0x00000070                __vector_8
                0x00000070                __vector_14
                0x00000070                __vector_10
                0x00000070                __vector_16
                0x00000070                __vector_18
 .text          0x00000072      0x1ba 7_segment.o
                0x0000017a                main
                0x00000072                print_digit
 .text          0x0000022c        0x0 c:/winavr-20081205/bin/../lib/gcc/avr/4.3.2/avr4\libgcc.a(_divmodhi4.o)
 .text          0x0000022c        0x0 c:/winavr-20081205/bin/../lib/gcc/avr/4.3.2/avr4\libgcc.a(_exit.o)
 .text          0x0000022c        0x0 c:/winavr-20081205/bin/../lib/gcc/avr/4.3.2/avr4\libgcc.a(_copy_data.o)
 .text          0x0000022c        0x0 c:/winavr-20081205/bin/../lib/gcc/avr/4.3.2/avr4\libgcc.a(_clear_bss.o)
 .text          0x0000022c        0x0 c:/winavr-20081205/bin/../lib/gcc/avr/4.3.2/avr4\libgcc.a(_udivmodhi4.o)
                0x0000022c                . = ALIGN (0x2)
 *(.text.*)
 .text.libgcc   0x0000022c       0x26 c:/winavr-20081205/bin/../lib/gcc/avr/4.3.2/avr4\libgcc.a(_divmodhi4.o)
                0x0000022c                __divmodhi4
                0x0000022c                _div
 .text.libgcc   0x00000252        0x0 c:/winavr-20081205/bin/../lib/gcc/avr/4.3.2/avr4\libgcc.a(_exit.o)
 .text.libgcc   0x00000252        0x0 c:/winavr-20081205/bin/../lib/gcc/avr/4.3.2/avr4\libgcc.a(_copy_data.o)
 .text.libgcc   0x00000252        0x0 c:/winavr-20081205/bin/../lib/gcc/avr/4.3.2/avr4\libgcc.a(_clear_bss.o)
 .text.libgcc   0x00000252       0x28 c:/winavr-20081205/bin/../lib/gcc/avr/4.3.2/avr4\libgcc.a(_udivmodhi4.o)
                0x00000252                __udivmodhi4
                0x0000027a                . = ALIGN (0x2)
 *(.fini9)
 .fini9         0x0000027a        0x0 c:/winavr-20081205/bin/../lib/gcc/avr/4.3.2/avr4\libgcc.a(_exit.o)
                0x0000027a                exit
                0x0000027a                _exit
 *(.fini9)
 *(.fini8)
 *(.fini8)
 *(.fini7)
 *(.fini7)
 *(.fini6)
 *(.fini6)
 *(.fini5)
 *(.fini5)
 *(.fini4)
 *(.fini4)
 *(.fini3)
 *(.fini3)
 *(.fini2)
 *(.fini2)
 *(.fini1)
 *(.fini1)
 *(.fini0)
 .fini0         0x0000027a        0x4 c:/winavr-20081205/bin/../lib/gcc/avr/4.3.2/avr4\libgcc.a(_exit.o)
 *(.fini0)
                0x0000027e                _etext = .

.data           0x00800060        0x0 load address 0x0000027e
                0x00800060                PROVIDE (__data_start, .)
 *(.data)
 .data          0x00800060        0x0 c:/winavr-20081205/bin/../lib/gcc/avr/4.3.2/../../../../avr/lib/avr4/crtm8.o
 .data          0x00800060        0x0 7_segment.o
 .data          0x00800060        0x0 c:/winavr-20081205/bin/../lib/gcc/avr/4.3.2/avr4\libgcc.a(_divmodhi4.o)
 .data          0x00800060        0x0 c:/winavr-20081205/bin/../lib/gcc/avr/4.3.2/avr4\libgcc.a(_exit.o)
 .data          0x00800060        0x0 c:/winavr-20081205/bin/../lib/gcc/avr/4.3.2/avr4\libgcc.a(_copy_data.o)
 .data          0x00800060        0x0 c:/winavr-20081205/bin/../lib/gcc/avr/4.3.2/avr4\libgcc.a(_clear_bss.o)
 .data          0x00800060        0x0 c:/winavr-20081205/bin/../lib/gcc/avr/4.3.2/avr4\libgcc.a(_udivmodhi4.o)
 *(.data*)
 *(.rodata)
 *(.rodata*)
 *(.gnu.linkonce.d*)
                0x00800060                . = ALIGN (0x2)
                0x00800060                _edata = .
                0x00800060                PROVIDE (__data_end, .)

.bss            0x00800060        0x0
                0x00800060                PROVIDE (__bss_start, .)
 *(.bss)
 .bss           0x00800060        0x0 c:/winavr-20081205/bin/../lib/gcc/avr/4.3.2/../../../../avr/lib/avr4/crtm8.o
 .bss           0x00800060        0x0 7_segment.o
 .bss           0x00800060        0x0 c:/winavr-20081205/bin/../lib/gcc/avr/4.3.2/avr4\libgcc.a(_divmodhi4.o)
 .bss           0x00800060        0x0 c:/winavr-20081205/bin/../lib/gcc/avr/4.3.2/avr4\libgcc.a(_exit.o)
 .bss           0x00800060        0x0 c:/winavr-20081205/bin/../lib/gcc/avr/4.3.2/avr4\libgcc.a(_copy_data.o)
 .bss           0x00800060        0x0 c:/winavr-20081205/bin/../lib/gcc/avr/4.3.2/avr4\libgcc.a(_clear_bss.o)
 .bss           0x00800060        0x0 c:/winavr-20081205/bin/../lib/gcc/avr/4.3.2/avr4\libgcc.a(_udivmodhi4.o)
 *(.bss*)
 *(COMMON)
                0x00800060                PROVIDE (__bss_end, .)
                0x0000027e                __data_load_start = LOADADDR (.data)
                0x0000027e                __data_load_end = (__data_load_start + SIZEOF (.data))

.noinit         0x00800060        0x0
                0x00800060                PROVIDE (__noinit_start, .)
 *(.noinit*)
                0x00800060                PROVIDE (__noinit_end, .)
                0x00800060                _end = .
                0x00800060                PROVIDE (__heap_start, .)

.eeprom         0x00810000        0x0
 *(.eeprom*)
                0x00810000                __eeprom_end = .

.fuse
 *(.fuse)
 *(.lfuse)
 *(.hfuse)
 *(.efuse)

.lock
 *(.lock*)

.signature
 *(.signature*)

.stab
 *(.stab)

.stabstr
 *(.stabstr)

.stab.excl
 *(.stab.excl)

.stab.exclstr
 *(.stab.exclstr)

.stab.index
 *(.stab.index)

.stab.indexstr
 *(.stab.indexstr)

.comment
 *(.comment)

.debug
 *(.debug)

.line
 *(.line)

.debug_srcinfo
 *(.debug_srcinfo)

.debug_sfnames
 *(.debug_sfnames)

.debug_aranges  0x00000000       0x20
 *(.debug_aranges)
 .debug_aranges
                0x00000000       0x20 7_segment.o

.debug_pubnames
                0x00000000       0x2b
 *(.debug_pubnames)
 .debug_pubnames
                0x00000000       0x2b 7_segment.o

.debug_info     0x00000000      0x4ef
 *(.debug_info)
 .debug_info    0x00000000      0x4ef 7_segment.o
 *(.gnu.linkonce.wi.*)

.debug_abbrev   0x00000000      0x126
 *(.debug_abbrev)
 .debug_abbrev  0x00000000      0x126 7_segment.o

.debug_line     0x00000000      0x37e
 *(.debug_line)
 .debug_line    0x00000000      0x37e 7_segment.o

.debug_frame    0x00000000       0x30
 *(.debug_frame)
 .debug_frame   0x00000000       0x30 7_segment.o

.debug_str      0x00000000       0xdc
 *(.debug_str)
 .debug_str     0x00000000       0xdc 7_segment.o
                                0x110 (size before relaxing)

.debug_loc      0x00000000      0x270
 *(.debug_loc)
 .debug_loc     0x00000000      0x270 7_segment.o

.debug_macinfo
 *(.debug_macinfo)
OUTPUT(7_segment.elf elf32-avr)
LOAD linker stubs

.debug_ranges   0x00000000       0x60
 .debug_ranges  0x00000000       0x60 7_segment.o
